# scenario: initialized
# revision: 6
# reason: records now carry proof created_ledger and issuer metadata_uri_hash, metadata_revision, and status effective ledger metadata, and proof-registry emits proof_registered
# body-digest: fd686c9a61fb59263b1659bfe34e10856998725fbb0d11b66de85703a4da1cf3

[ledger]
sequence = 1000
timestamp = 1000

[storage]
issuer-registry instance [sym:Admin] = addr:admin
issuer-registry instance [sym:ContractVersion] = u32:1
issuer-registry instance [sym:InstanceLiveUntil] = u32:501000
proof-registry instance [sym:Admin] = addr:admin
proof-registry instance [sym:ContractVersion] = u32:1
proof-registry instance [sym:InstanceLiveUntil] = u32:501000
proof-registry instance [sym:IssuerRegistry] = addr:issuer-registry
proof-registry instance [sym:ProtocolConfig] = addr:protocol-config
protocol-config instance [sym:Admin] = addr:admin
protocol-config instance [sym:ConfigVersion] = u32:2
protocol-config instance [sym:ContractVersion] = u32:1
protocol-config instance [sym:InstanceLiveUntil] = u32:501000
protocol-config instance [sym:Paused] = false
protocol-config persistent [sym:SchemaTtl, u32:1] = u32:501000
protocol-config persistent [sym:SchemaVersion, u32:1] = true

[events]
protocol-config topics=[sym:initialized] data={sym:admin: addr:admin}
protocol-config topics=[sym:schema_approved] data={sym:version: u32:1}

[verdicts]
protocol-config.is_paused = false
protocol-config.is_schema_version_approved(1) = true
issuer-registry.is_active_address(issuer) = false
proof-registry.is_valid_proof(proof) = false
proof-registry.is_revoked(proof) = false
