# scenario: initialized
# revision: 7
# reason: Add Genesis, RegistryEpoch, and ConfigHistory storage from issues 190/187/193/192
# body-digest: 968e646481434a1e478af6b97467157459f7abfd21533d371a12c0ba109b7e4d

[ledger]
sequence = 1000
timestamp = 1000

[storage]
issuer-registry instance [sym:Admin] = addr:admin
issuer-registry instance [sym:ContractVersion] = u32:1
issuer-registry instance [sym:Genesis] = {sym:genesis_id: bytes:1bb3d1dc4dc8313672e6dc56c6b7051f74fd611eb1b8d59faa5d787789e4e115, sym:initialized_at_ledger: u32:1000}
issuer-registry instance [sym:InstanceLiveUntil] = u32:501000
proof-registry instance [sym:Admin] = addr:admin
proof-registry instance [sym:ContractVersion] = u32:1
proof-registry instance [sym:Genesis] = {sym:genesis_id: bytes:87d5e19ffff41ef394bed747f4ca4dcdcbf818cec54eb466639248eb14dc82cd, sym:initialized_at_ledger: u32:1000}
proof-registry instance [sym:IssuerRegistry] = addr:issuer-registry
proof-registry instance [sym:ProtocolConfig] = addr:protocol-config
proof-registry instance [sym:RegistryEpoch] = u32:0
protocol-config instance [sym:Admin] = addr:admin
protocol-config instance [sym:ConfigHistoryTotal] = u32:1
protocol-config instance [sym:ConfigVersion] = u32:2
protocol-config instance [sym:ContractVersion] = u32:1
protocol-config instance [sym:Genesis] = {sym:genesis_id: bytes:fc884b881dd72470b277e7f17051834343fce924e5328f844966e438d3a07cd3, sym:initialized_at_ledger: u32:1000}
protocol-config instance [sym:Paused] = false
protocol-config persistent [sym:ConfigHistoryRing, u32:0] = {sym:category: [sym:SchemaApproval], sym:config_version: u32:2, sym:ledger: u32:1000, sym:proposal_commitment: bytes:8f88362ee8034de8dfd2d681d099066cada58b40ee0bbbc2321309d0b4f4d43f, sym:timestamp: u64:1000}
protocol-config persistent [sym:SchemaVersion, u32:1] = true

[events]
protocol-config topics=[sym:initialized] data={sym:admin: addr:admin}
protocol-config topics=[sym:schema_approved] data={sym:version: u32:1}

[verdicts]
protocol-config.is_paused = false
protocol-config.is_schema_version_approved(1) = true
issuer-registry.is_active_address(issuer) = false
proof-registry.is_valid_proof(proof) = false
proof-registry.is_revoked(proof) = false
